curr/ar.res
curr/ar_SA.res
curr/cs.res
curr/da.res
curr/de.res
curr/de_CH.res
curr/el.res
curr/en.res
curr/en_GB.res
curr/es.res
curr/es_MX.res
curr/fi.res
curr/fr.res
curr/fr_CA.res
curr/it.res
curr/ja.res
curr/ja_JP.res
curr/ko.res
curr/nb.res
curr/nb_NO.res
curr/nl.res
curr/pl.res
curr/pool.res
curr/pt.res
curr/pt_PT.res
curr/root.res
curr/ru.res
curr/supplementalData.res
curr/sv.res
curr/th.res
curr/tr.res
curr/zh.res
curr/zh_CN.res

currencyNumericCodes.res
dayPeriods.res

ar.res
ar_SA.res
cs.res
cs_CZ.res
da.res
da_DK.res
de.res
de_DE.res
el.res
el_GR.res
en.res
en_GB.res
en_US.res
es.res
es_ES.res
es_MX.res
fi.res
fi_FI.res
fr.res
fr_CA.res
fr_FR.res

genderList.res

it.res
it_IT.res
ja.res
ja_JP.res

keyTypeData.res

ko.res
ko_KR.res

likelySubtags.res
metaZones.res
metadata.res

nb.res
nb_NO.res
nl.res
nl_NL.res

nfkc.nrm
nfkc_cf.nrm
numberingSystems.res

pl.res
pl_PL.res
pt.res
pt_PT.res

plurals.res
pool.res

root.res
ru.res
ru_RU.res

supplementalData.res

sv.res
sv_SE.res
th.res
th_TH.res
tr.res
tr_TR.res

windowsZones.res

zh.res
zh_CN.res


